65.0 APEX_CODE,FINEST;APEX_PROFILING,INFO;CALLOUT,INFO;DATA_ACCESS,INFO;DB,INFO;NBA,INFO;SYSTEM,DEBUG;VALIDATION,INFO;VISUALFORCE,INFO;WAVE,INFO;WORKFLOW,INFO
13:33:41.0 (932826)|USER_INFO|[EXTERNAL]|0055e000005Dpax|amarjeet.puri@websfdctech.com|(GMT+05:30) India Standard Time (Asia/Kolkata)|GMT+05:30
13:33:41.0 (1013131)|EXECUTION_STARTED
13:33:41.0 (1046399)|CODE_UNIT_STARTED|[EXTERNAL]|066fj000006hDOL|VF: /apex/amrik__InternshipCertificateVF
13:33:41.208 (208305932)|CUMULATIVE_LIMIT_USAGE
13:33:41.208 (208305932)|LIMIT_USAGE_FOR_NS|(default)|
  Number of SOQL queries: 0 out of 100
  Number of query rows: 0 out of 50000
  Number of SOSL queries: 0 out of 20
  Number of DML statements: 0 out of 150
  Number of Publish Immediate DML: 0 out of 150
  Number of DML rows: 0 out of 10000
  Maximum CPU time: 0 out of 10000
  Maximum heap size: 0 out of 6000000
  Number of callouts: 0 out of 100
  Number of Email Invocations: 0 out of 10
  Number of future calls: 0 out of 50
  Number of queueable jobs added to the queue: 0 out of 50
  Number of Mobile Apex push calls: 0 out of 10

13:33:41.208 (208305932)|CUMULATIVE_LIMIT_USAGE_END

13:33:41.0 (208502802)|CODE_UNIT_FINISHED|VF: /apex/amrik__InternshipCertificateVF
13:33:41.0 (208532526)|EXECUTION_FINISHED
